10 9
10 8 5 7 3 2 1 6 9 4 
8 2
5 1
4 2
7 6
3 1
10 7
4 6
1 2
4 9